../Core/Src/main.c:74:6:intToStr	40	static
../Core/Src/main.c:105:5:main	112	static
../Core/Src/main.c:200:6:SystemClock_Config	88	static
../Core/Src/main.c:250:13:MX_ADC1_Init	24	static
../Core/Src/main.c:302:13:MX_USART2_UART_Init	8	static
../Core/Src/main.c:335:13:MX_GPIO_Init	40	static
../Core/Src/main.c:373:6:StartDefaultTask	16	static
../Core/Src/main.c:393:6:Task2_init	40	static
../Core/Src/main.c:437:6:Task3_init	152	static
../Core/Src/main.c:502:6:HAL_TIM_PeriodElapsedCallback	16	static
../Core/Src/main.c:520:6:Error_Handler	4	static,ignoring_inline_asm
